[38;2;248;248;242m{[0m[38;2;249;38;114m␊[0m
[38;2;102;217;239m·[0m[38;2;102;217;239m·[0m[38;2;248;248;242m"text":"A[0m[38;2;102;217;239m·[0m[38;2;248;248;242mJSON[0m[38;2;102;217;239m·[0m[38;2;248;248;242mfile[0m[38;2;102;217;239m·[0m[38;2;248;248;242mshould[0m[38;2;102;217;239m·[0m[38;2;248;248;242mbe[0m[38;2;102;217;239m·[0m[38;2;248;248;242mprinted[0m[38;2;102;217;239m·[0m[38;2;248;248;242mwith[0m[38;2;102;217;239m·[0m[38;2;248;248;242mJSON[0m[38;2;102;217;239m·[0m[38;2;248;248;242mchroma[0m[38;2;102;217;239m·[0m[38;2;248;248;242msyntax[0m[38;2;102;217;239m·[0m[38;2;248;248;242mhighlighting"[0m[38;2;249;38;114m␊[0m
[38;2;248;248;242m}[0m