[38;2;166;226;46m␛[0m[38;2;248;248;242m[38;5;238m[0m[38;2;102;217;239m·[0m[38;2;102;217;239m·[0m[38;2;102;217;239m·[0m[38;2;248;248;242m1[0m[38;2;166;226;46m␛[0m[38;2;248;248;242m[0m[0m[38;2;102;217;239m·[0m[38;2;166;226;46m␛[0m[38;2;248;248;242m[38;2;248;248;242mfpath[0m[38;2;102;217;239m·[0m[38;2;248;248;242mdetected[0m[38;2;102;217;239m·[0m[38;2;248;248;242m-[0m[38;2;102;217;239m·[0m[38;2;248;248;242mline[0m[38;2;102;217;239m·[0m[38;2;248;248;242mnumbers[0m[38;2;102;217;239m·[0m[38;2;248;248;242mshould[0m[38;2;102;217;239m·[0m[38;2;248;248;242mappear.[0m[38;2;166;226;46m␛[0m[38;2;248;248;242m[0m[0m[38;2;249;38;114m␊[0m
[38;2;166;226;46m␛[0m[38;2;248;248;242m[38;5;238m[0m[38;2;102;217;239m·[0m[38;2;102;217;239m·[0m[38;2;102;217;239m·[0m[38;2;248;248;242m2[0m[38;2;166;226;46m␛[0m[38;2;248;248;242m[0m[0m[38;2;102;217;239m·[0m[38;2;166;226;46m␛[0m[38;2;248;248;242m[38;2;248;248;242mShell[0m[38;2;102;217;239m·[0m[38;2;248;248;242mis[0m[38;2;102;217;239m·[0m[38;2;248;248;242mused[0m[38;2;102;217;239m·[0m[38;2;248;248;242m-[0m[38;2;102;217;239m·[0m[38;2;248;248;242mThere[0m[38;2;102;217;239m·[0m[38;2;248;248;242mshould[0m[38;2;102;217;239m·[0m[38;2;248;248;242mbe[0m[38;2;102;217;239m·[0m[38;2;248;248;242mmore[0m[38;2;102;217;239m·[0m[38;2;248;248;242mtext[0m[38;2;102;217;239m·[0m[38;2;248;248;242mafter[0m[38;2;102;217;239m·[0m[38;2;248;248;242mthis,[0m[38;2;102;217;239m·[0m[38;2;248;248;242mand[0m[38;2;102;217;239m·[0m[38;2;248;248;242mno[0m[38;2;102;217;239m·[0m[38;2;248;248;242mlorem[0m[38;2;102;217;239m·[0m[38;2;248;248;242mipsum[0m[38;2;102;217;239m·[0m[38;2;248;248;242mfollowing.[0m[38;2;166;226;46m␛[0m[38;2;248;248;242m[0m[0m[38;2;249;38;114m␊[0m
