[38;2;166;226;46m␛[0m[38;2;248;248;242m[38;2;131;148;150m[0m[38;2;102;217;239m·[0m[38;2;102;217;239m·[0m[38;2;102;217;239m·[0m[38;2;248;248;242m1[0m[38;2;166;226;46m␛[0m[38;2;248;248;242m[0m[0m[38;2;102;217;239m·[0m[38;2;166;226;46m␛[0m[38;2;248;248;242m[38;2;248;248;242mfpath[0m[38;2;102;217;239m·[0m[38;2;248;248;242mdetected,[0m[38;2;102;217;239m·[0m[38;2;248;248;242mshell[0m[38;2;102;217;239m·[0m[38;2;248;248;242mis[0m[38;2;102;217;239m·[0m[38;2;248;248;242mnot[0m[38;2;102;217;239m·[0m[38;2;248;248;242mused[0m[38;2;166;226;46m␛[0m[38;2;248;248;242m[0m[0m[38;2;249;38;114m␊[0m
