[38;2;166;226;46m␛[0m[38;2;248;248;242m[38;2;131;148;150m[0m[38;2;102;217;239m·[0m[38;2;102;217;239m·[0m[38;2;102;217;239m·[0m[38;2;248;248;242m1[0m[38;2;166;226;46m␛[0m[38;2;248;248;242m[0m[0m[38;2;102;217;239m·[0m[38;2;166;226;46m␛[0m[38;2;248;248;242m[38;2;248;248;242mMimetype[0m[38;2;102;217;239m·[0m[38;2;248;248;242mtext/plain[0m[38;2;102;217;239m·[0m[38;2;248;248;242mdetected,[0m[38;2;102;217;239m·[0m[38;2;248;248;242mshould[0m[38;2;102;217;239m·[0m[38;2;248;248;242mbe[0m[38;2;102;217;239m·[0m[38;2;248;248;242mprinted[0m[38;2;102;217;239m·[0m[38;2;248;248;242mas[0m[38;2;102;217;239m·[0m[38;2;248;248;242msingle[0m[38;2;102;217;239m·[0m[38;2;248;248;242mline[0m[38;2;166;226;46m␛[0m[38;2;248;248;242m[0m[0m[38;2;249;38;114m␊[0m
