[38;2;166;226;46m␛[0m[38;2;248;248;242m[0;30m[0m[38;2;166;226;46m␛[0m[38;2;248;248;242m[0;37m[0m[38;2;102;217;239m·[0m[38;2;102;217;239m·[0m[38;2;102;217;239m·[0m[38;2;166;226;46m␛[0m[38;2;248;248;242m[0;32mMimetype[0m[38;2;102;217;239m·[0m[38;2;248;248;242mtext/html[0m[38;2;102;217;239m·[0m[38;2;248;248;242mdetected,[0m[38;2;102;217;239m·[0m[38;2;248;248;242mw3m[0m[38;2;102;217;239m·[0m[38;2;248;248;242mis[0m[38;2;102;217;239m·[0m[38;2;248;248;242mused[0m[38;2;102;217;239m·[0m[38;2;248;248;242mto[0m[38;2;102;217;239m·[0m[38;2;248;248;242mprint[0m[38;2;102;217;239m·[0m[38;2;248;248;242mthis[0m[38;2;102;217;239m·[0m[38;2;248;248;242min[0m[38;2;102;217;239m·[0m[38;2;248;248;242mgreen[0m[38;2;102;217;239m·[0m[38;2;102;217;239m·[0m[38;2;102;217;239m·[0m[38;2;102;217;239m·[0m[38;2;102;217;239m·[0m[38;2;102;217;239m·[0m[38;2;102;217;239m·[0m[38;2;102;217;239m·[0m[38;2;102;217;239m·[0m[38;2;102;217;239m·[0m[38;2;102;217;239m·[0m[38;2;102;217;239m·[0m[38;2;102;217;239m·[0m[38;2;102;217;239m·[0m[38;2;249;38;114m␊[0m
