[38;2;248;248;242m/home/doron/repos/pistol/tests/inputs/multi-extra[0m[38;2;102;217;239m·[0m[38;2;248;248;242mAxB[0m[38;2;249;38;114m␊[0m
