[38;2;248;248;242m{[0m[38;2;249;38;114m␊[0m
[38;2;102;217;239m·[0m[38;2;102;217;239m·[0m[38;2;248;248;242mpostUpdateOptions:[0m[38;2;102;217;239m·[0m[38;2;248;248;242m[[0m[38;2;102;217;239m·[0m[38;2;248;248;242m"gomodTidy"[0m[38;2;102;217;239m·[0m[38;2;248;248;242m],[0m[38;2;249;38;114m␊[0m
[38;2;102;217;239m·[0m[38;2;102;217;239m·[0m[38;2;248;248;242m//[0m[38;2;102;217;239m·[0m[38;2;248;248;242mCame[0m[38;2;102;217;239m·[0m[38;2;248;248;242mby[0m[38;2;102;217;239m·[0m[38;2;248;248;242mdefault[0m[38;2;249;38;114m␊[0m
[38;2;102;217;239m·[0m[38;2;102;217;239m·[0m[38;2;248;248;242mextends:[0m[38;2;102;217;239m·[0m[38;2;248;248;242m[[0m[38;2;249;38;114m␊[0m
[38;2;102;217;239m·[0m[38;2;102;217;239m·[0m[38;2;102;217;239m·[0m[38;2;102;217;239m·[0m[38;2;248;248;242m"config:base"[0m[38;2;249;38;114m␊[0m
[38;2;102;217;239m·[0m[38;2;102;217;239m·[0m[38;2;248;248;242m][0m[38;2;249;38;114m␊[0m
[38;2;248;248;242m}[0m[38;2;249;38;114m␊[0m
