[38;2;248;248;242mbzip2,[0m[38;2;102;217;239m·[0m[38;2;248;248;242ma[0m[38;2;102;217;239m·[0m[38;2;248;248;242mblock-sorting[0m[38;2;102;217;239m·[0m[38;2;248;248;242mfile[0m[38;2;102;217;239m·[0m[38;2;248;248;242mcompressor.[0m[38;2;102;217;239m·[0m[38;2;102;217;239m·[0m[38;2;248;248;242mVersion[0m[38;2;102;217;239m·[0m[38;2;248;248;242m1.0.8,[0m[38;2;102;217;239m·[0m[38;2;248;248;242m13-Jul-2019.[0m[38;2;249;38;114m␊[0m
[38;2;102;217;239m·[0m[38;2;102;217;239m·[0m[38;2;102;217;239m·[0m[38;2;249;38;114m␊[0m
[38;2;102;217;239m·[0m[38;2;102;217;239m·[0m[38;2;102;217;239m·[0m[38;2;248;248;242mCopyright[0m[38;2;102;217;239m·[0m[38;2;248;248;242m(C)[0m[38;2;102;217;239m·[0m[38;2;248;248;242m1996-2019[0m[38;2;102;217;239m·[0m[38;2;248;248;242mby[0m[38;2;102;217;239m·[0m[38;2;248;248;242mJulian[0m[38;2;102;217;239m·[0m[38;2;248;248;242mSeward.[0m[38;2;249;38;114m␊[0m
[38;2;102;217;239m·[0m[38;2;102;217;239m·[0m[38;2;102;217;239m·[0m[38;2;249;38;114m␊[0m
[38;2;102;217;239m·[0m[38;2;102;217;239m·[0m[38;2;102;217;239m·[0m[38;2;248;248;242mThis[0m[38;2;102;217;239m·[0m[38;2;248;248;242mprogram[0m[38;2;102;217;239m·[0m[38;2;248;248;242mis[0m[38;2;102;217;239m·[0m[38;2;248;248;242mfree[0m[38;2;102;217;239m·[0m[38;2;248;248;242msoftware;[0m[38;2;102;217;239m·[0m[38;2;248;248;242myou[0m[38;2;102;217;239m·[0m[38;2;248;248;242mcan[0m[38;2;102;217;239m·[0m[38;2;248;248;242mredistribute[0m[38;2;102;217;239m·[0m[38;2;248;248;242mit[0m[38;2;102;217;239m·[0m[38;2;248;248;242mand/or[0m[38;2;102;217;239m·[0m[38;2;248;248;242mmodify[0m[38;2;249;38;114m␊[0m
[38;2;102;217;239m·[0m[38;2;102;217;239m·[0m[38;2;102;217;239m·[0m[38;2;248;248;242mit[0m[38;2;102;217;239m·[0m[38;2;248;248;242munder[0m[38;2;102;217;239m·[0m[38;2;248;248;242mthe[0m[38;2;102;217;239m·[0m[38;2;248;248;242mterms[0m[38;2;102;217;239m·[0m[38;2;248;248;242mset[0m[38;2;102;217;239m·[0m[38;2;248;248;242mout[0m[38;2;102;217;239m·[0m[38;2;248;248;242min[0m[38;2;102;217;239m·[0m[38;2;248;248;242mthe[0m[38;2;102;217;239m·[0m[38;2;248;248;242mLICENSE[0m[38;2;102;217;239m·[0m[38;2;248;248;242mfile,[0m[38;2;102;217;239m·[0m[38;2;248;248;242mwhich[0m[38;2;102;217;239m·[0m[38;2;248;248;242mis[0m[38;2;102;217;239m·[0m[38;2;248;248;242mincluded[0m[38;2;249;38;114m␊[0m
[38;2;102;217;239m·[0m[38;2;102;217;239m·[0m[38;2;102;217;239m·[0m[38;2;248;248;242min[0m[38;2;102;217;239m·[0m[38;2;248;248;242mthe[0m[38;2;102;217;239m·[0m[38;2;248;248;242mbzip2[0m[38;2;102;217;239m·[0m[38;2;248;248;242msource[0m[38;2;102;217;239m·[0m[38;2;248;248;242mdistribution.[0m[38;2;249;38;114m␊[0m
[38;2;102;217;239m·[0m[38;2;102;217;239m·[0m[38;2;102;217;239m·[0m[38;2;249;38;114m␊[0m
[38;2;102;217;239m·[0m[38;2;102;217;239m·[0m[38;2;102;217;239m·[0m[38;2;248;248;242mThis[0m[38;2;102;217;239m·[0m[38;2;248;248;242mprogram[0m[38;2;102;217;239m·[0m[38;2;248;248;242mis[0m[38;2;102;217;239m·[0m[38;2;248;248;242mdistributed[0m[38;2;102;217;239m·[0m[38;2;248;248;242min[0m[38;2;102;217;239m·[0m[38;2;248;248;242mthe[0m[38;2;102;217;239m·[0m[38;2;248;248;242mhope[0m[38;2;102;217;239m·[0m[38;2;248;248;242mthat[0m[38;2;102;217;239m·[0m[38;2;248;248;242mit[0m[38;2;102;217;239m·[0m[38;2;248;248;242mwill[0m[38;2;102;217;239m·[0m[38;2;248;248;242mbe[0m[38;2;102;217;239m·[0m[38;2;248;248;242museful,[0m[38;2;249;38;114m␊[0m
[38;2;102;217;239m·[0m[38;2;102;217;239m·[0m[38;2;102;217;239m·[0m[38;2;248;248;242mbut[0m[38;2;102;217;239m·[0m[38;2;248;248;242mWITHOUT[0m[38;2;102;217;239m·[0m[38;2;248;248;242mANY[0m[38;2;102;217;239m·[0m[38;2;248;248;242mWARRANTY;[0m[38;2;102;217;239m·[0m[38;2;248;248;242mwithout[0m[38;2;102;217;239m·[0m[38;2;248;248;242meven[0m[38;2;102;217;239m·[0m[38;2;248;248;242mthe[0m[38;2;102;217;239m·[0m[38;2;248;248;242mimplied[0m[38;2;102;217;239m·[0m[38;2;248;248;242mwarranty[0m[38;2;102;217;239m·[0m[38;2;248;248;242mof[0m[38;2;249;38;114m␊[0m
[38;2;102;217;239m·[0m[38;2;102;217;239m·[0m[38;2;102;217;239m·[0m[38;2;248;248;242mMERCHANTABILITY[0m[38;2;102;217;239m·[0m[38;2;248;248;242mor[0m[38;2;102;217;239m·[0m[38;2;248;248;242mFITNESS[0m[38;2;102;217;239m·[0m[38;2;248;248;242mFOR[0m[38;2;102;217;239m·[0m[38;2;248;248;242mA[0m[38;2;102;217;239m·[0m[38;2;248;248;242mPARTICULAR[0m[38;2;102;217;239m·[0m[38;2;248;248;242mPURPOSE.[0m[38;2;102;217;239m·[0m[38;2;102;217;239m·[0m[38;2;248;248;242mSee[0m[38;2;102;217;239m·[0m[38;2;248;248;242mthe[0m[38;2;249;38;114m␊[0m
[38;2;102;217;239m·[0m[38;2;102;217;239m·[0m[38;2;102;217;239m·[0m[38;2;248;248;242mLICENSE[0m[38;2;102;217;239m·[0m[38;2;248;248;242mfile[0m[38;2;102;217;239m·[0m[38;2;248;248;242mfor[0m[38;2;102;217;239m·[0m[38;2;248;248;242mmore[0m[38;2;102;217;239m·[0m[38;2;248;248;242mdetails.[0m[38;2;249;38;114m␊[0m
[38;2;102;217;239m·[0m[38;2;102;217;239m·[0m[38;2;102;217;239m·[0m[38;2;249;38;114m␊[0m
[38;2;102;217;239m·[0m[38;2;102;217;239m·[0m[38;2;248;248;242m/home/doron/repos/pistol/tests/inputs/VERSION.bz2:[0m[38;2;102;217;239m·[0m[38;2;248;248;242m0.1.9[0m[38;2;249;38;114m␊[0m
[38;2;248;248;242mdone[0m[38;2;249;38;114m␊[0m
